解析日志: /Users/diqibadao/Desktop/vibe项目/MotionControl/Docs/logs/v0.4.0-milestone-replay.log ...
  [KEYPOINTS] 0  [CURSOR-ABS] 1556
━━━━━━━━━━━━━━━━━━━━━━━━━━━━━━━━━━━━━━━━━━━━━━
  MotionControl 光标质量分析 v5.0 — 三层数据体系
  日志: /Users/diqibadao/Desktop/vibe项目/MotionControl/Docs/logs/v0.4.0-milestone-replay.log
━━━━━━━━━━━━━━━━━━━━━━━━━━━━━━━━━━━━━━━━━━━━━━

┌──────────────────────────────────────────────────────┐
│  ⚠️ 3项问题   0项正常                              │
│  • C1 手-光标X方向一致率 55% (目标>85%)
│  • C2 手-光标Y方向一致率 51% (目标>85%)
│  • #3 总滞后 745px
└──────────────────────────────────────────────────────┘

━━━ Layer 1: 原始数据质量 ━━━
  ⚠️ 无 [KEYPOINTS] 数据 — 回放日志不含关键点信息

━━━ Layer 2: 算法一致性 ━━━
  C1  手→光标 X方向一致:   55.1% ⚠️ (目标>85%)
  C2  手→光标 Y方向一致:   51.1% ⚠️ (目标>85%)

━━━ Layer 3: 输出质量 ━━━
  #1  滤波延迟            745.2 px  ⚠️ (目标<180)
  #2  T-C滞后             0.0 px  ✅ (目标<40)
  #3  总滞后             745.3 px  ⚠️ (目标<220)
  #4  方向反转                5 次  ⚠️ (目标<5)
  #4a  左手方向反转             0 次
  #4b  右手方向反转             0 次
  #5  大跳变>200px           3 次  ✅ (目标<11)
  #6  巨型跳变>500px          0 次  ✅ (目标<5)
  #8  抖动半径             65.2 px  ⚠️ (目标<8)
  #9  最大偏移            696.8 px  ⚠️ (目标<35)
  #10 路径效率             97.9 %  ✅ (目标>85)
  #12 微步0-50px         99.8 %  ✅ (目标>70)
  #13 正常50-100px        0.0 %
  #14 大步>150px          0.2 %  ✅ (目标<3)
  #15 紧贴0-20px        100.0 %  ✅ (目标>45)
  #16 良好0-40px        100.0 %  ✅ (目标>60)
  #17 严重>120px          0.0 %  ✅ (目标<3)

  ── 覆盖率 ──
  #18 X覆盖率:    99% (目标100%)  ✅
  #19 Y覆盖率:    18% (目标100%)  ⚠️
  #19a 顶部未达:   55%  #19b 底部未达:   27%
  #19c 左侧未达:    0%  #19d 右侧未达:    0%

  ── 边缘质量 ──
  #20 边缘死区:   1.8% (目标<8%)  ✅
  #20a-d 分向: 上 0.0%  下 0.0%  左 0.0%  右 1.8%
  #21 边缘帧占比:  0.4% (目标<15%)  ✅
  #22 方向错位: 4/4  左手:0  右手:0  (目标<20)

━━━ 问题检测报告 ━━━
  🔴 问题1 检测到: 底部触达受限 (底部未达27%, 下边缘死区0.0%)
  🟢 问题3 未检测到: 边缘死区1.8%达标

  总帧数: 1556
━━━━━━━━━━━━━━━━━━━━━━━━━━━━━━━━━━━━━━━━━━━━━━
