[2026-06-19 09:43:31] [axHelper] IN: register failed → OUT: 未能完成该操作。Codesigning failure loading plist: com.motioncontrol.axhelper code: -67028 (0ms)
[2026-06-19 09:43:34] [axScan] IN: windows=8 → OUT: raw=450 visible=126 [pid690=19 pid689=1 pid984=6 pid43064=15 pid759=2 pid44987=3 pid74202=79 pid685=1] (2404ms)
[2026-06-19 09:43:37] [axScan] IN: windows=8 → OUT: raw=450 visible=126 [pid690=19 pid689=1 pid984=6 pid43064=15 pid759=2 pid44987=3 pid74202=79 pid685=1] (3030ms)
[2026-06-19 09:43:40] [axScan] IN: windows=8 → OUT: raw=608 visible=238 [pid690=19 pid689=1 pid984=6 pid43064=15 pid759=2 pid44987=115 pid74202=79 pid685=1] (2561ms)
[2026-06-19 09:43:41] [axMatch] IN: cursor=(1007,392) → OUT: role=AXButton title=允许 (0ms)
[2026-06-19 09:43:42] [axMatch] IN: cursor=(1146,577) → OUT: role=AXStaticText title= (0ms)
[2026-06-19 09:43:42] [axMatch] IN: cursor=(998,623) → OUT: lost (0ms)
[2026-06-19 09:43:46] [axScan] IN: windows=8 → OUT: raw=0 visible=0 [] (5001ms)
[2026-06-19 09:43:51] [axScan] IN: windows=7 → OUT: raw=0 visible=0 [] (5016ms)
[2026-06-19 09:43:57] [axScan] IN: windows=7 → OUT: raw=0 visible=0 [] (5002ms)
[2026-06-19 09:44:02] [axScan] IN: windows=7 → OUT: raw=0 visible=0 [] (5003ms)
[2026-06-19 09:44:08] [axScan] IN: windows=7 → OUT: raw=0 visible=0 [] (5002ms)
[2026-06-19 09:44:13] [axScan] IN: windows=7 → OUT: raw=0 visible=0 [] (5002ms)
[2026-06-19 09:44:14] [axScan] IN: windows=7 → OUT: raw=0 visible=0 [] (1ms)
[2026-06-19 09:44:14] [axScan] IN: windows=7 → OUT: raw=0 visible=0 [] (0ms)
[2026-06-19 09:44:15] [axScan] IN: windows=7 → OUT: raw=0 visible=0 [] (0ms)
[2026-06-19 09:44:15] [axScan] IN: windows=7 → OUT: raw=0 visible=0 [] (1ms)
[2026-06-19 09:44:16] [axScan] IN: windows=6 → OUT: raw=0 visible=0 [] (1ms)
[2026-06-19 09:44:16] [axScan] IN: windows=6 → OUT: raw=0 visible=0 [] (0ms)
[2026-06-19 09:44:17] [axScan] IN: windows=6 → OUT: raw=0 visible=0 [] (0ms)
[2026-06-19 09:44:17] [axScan] IN: windows=6 → OUT: raw=0 visible=0 [] (0ms)
[2026-06-19 09:44:18] [axScan] IN: windows=6 → OUT: raw=0 visible=0 [] (0ms)
[2026-06-19 09:44:18] [axScan] IN: windows=6 → OUT: raw=0 visible=0 [] (0ms)
[2026-06-19 09:44:19] [axScan] IN: windows=6 → OUT: raw=0 visible=0 [] (0ms)
[2026-06-19 09:44:19] [axScan] IN: windows=6 → OUT: raw=0 visible=0 [] (0ms)
[2026-06-19 09:44:20] [axScan] IN: windows=6 → OUT: raw=0 visible=0 [] (1ms)
[2026-06-19 09:44:20] [axScan] IN: windows=7 → OUT: raw=0 visible=0 [] (0ms)
[2026-06-19 09:44:21] [axScan] IN: windows=7 → OUT: raw=0 visible=0 [] (1ms)
[2026-06-19 09:44:21] [axScan] IN: windows=7 → OUT: raw=0 visible=0 [] (0ms)
[2026-06-19 09:44:22] [axScan] IN: windows=7 → OUT: raw=0 visible=0 [] (0ms)
[2026-06-19 09:44:22] [axScan] IN: windows=7 → OUT: raw=0 visible=0 [] (1ms)
[2026-06-19 09:44:23] [axScan] IN: windows=5 → OUT: raw=0 visible=0 [] (0ms)
[2026-06-19 09:44:23] [axScan] IN: windows=5 → OUT: raw=0 visible=0 [] (0ms)
[2026-06-19 09:44:24] [axScan] IN: windows=5 → OUT: raw=0 visible=0 [] (3ms)
[2026-06-19 09:44:24] [axScan] IN: windows=5 → OUT: raw=0 visible=0 [] (1ms)
[2026-06-19 09:44:25] [axScan] IN: windows=5 → OUT: raw=0 visible=0 [] (0ms)
[2026-06-19 09:44:25] [axScan] IN: windows=5 → OUT: raw=0 visible=0 [] (0ms)
[2026-06-19 09:44:26] [axScan] IN: windows=5 → OUT: raw=0 visible=0 [] (1ms)
[2026-06-19 09:44:26] [axScan] IN: windows=5 → OUT: raw=0 visible=0 [] (0ms)
[2026-06-19 09:44:27] [axScan] IN: windows=5 → OUT: raw=0 visible=0 [] (1ms)
[2026-06-19 09:44:27] [axScan] IN: windows=5 → OUT: raw=0 visible=0 [] (0ms)
[2026-06-19 09:44:28] [axScan] IN: windows=5 → OUT: raw=0 visible=0 [] (1ms)
[2026-06-19 09:44:28] [axScan] IN: windows=5 → OUT: raw=0 visible=0 [] (1ms)
[2026-06-19 09:44:29] [axScan] IN: windows=5 → OUT: raw=0 visible=0 [] (1ms)
[2026-06-19 09:44:29] [axScan] IN: windows=5 → OUT: raw=0 visible=0 [] (1ms)
[2026-06-19 09:44:30] [axScan] IN: windows=5 → OUT: raw=0 visible=0 [] (1ms)
[2026-06-19 09:44:30] [axScan] IN: windows=5 → OUT: raw=0 visible=0 [] (1ms)
[2026-06-19 09:44:31] [axScan] IN: windows=5 → OUT: raw=0 visible=0 [] (1ms)
[2026-06-19 09:44:31] [axScan] IN: windows=5 → OUT: raw=0 visible=0 [] (1ms)
[2026-06-19 09:44:32] [axScan] IN: windows=5 → OUT: raw=0 visible=0 [] (1ms)
[2026-06-19 09:44:32] [axScan] IN: windows=5 → OUT: raw=0 visible=0 [] (1ms)
[2026-06-19 09:44:33] [axScan] IN: windows=5 → OUT: raw=0 visible=0 [] (2ms)
[2026-06-19 09:44:33] [axScan] IN: windows=5 → OUT: raw=0 visible=0 [] (0ms)
[2026-06-19 09:44:34] [axScan] IN: windows=5 → OUT: raw=0 visible=0 [] (1ms)
[2026-06-19 09:44:34] [axScan] IN: windows=5 → OUT: raw=0 visible=0 [] (1ms)
[2026-06-19 09:44:35] [axScan] IN: windows=5 → OUT: raw=0 visible=0 [] (1ms)
[2026-06-19 09:44:35] [axScan] IN: windows=5 → OUT: raw=0 visible=0 [] (1ms)
